// Jest Snapshot v1, https://goo.gl/fbAQLP

exports[`SearchBar matches snapshot 1`] = `
<styled.input
  autoFocus={true}
  onBlur={[Function]}
  onChange={[Function]}
  type="text"
  value=""
/>
`;
