// Jest Snapshot v1, https://goo.gl/fbAQLP

exports[`ResultList matches snapshot 1`] = `
<styled.ul>
  <Component
    index={0}
    item={
      Object {
        "title": "item1",
        "type": "bookmark",
        "url": "https://example.com",
      }
    }
    key="0"
    onClick={[Function]}
    selected={true}
  />
  <Component
    index={1}
    item={
      Object {
        "title": "item2",
        "type": "bookmark",
        "url": "https://example.com",
      }
    }
    key="1"
    onClick={[Function]}
    selected={false}
  />
</styled.ul>
`;
